Linux version 4.19.83 (aakahlow@amarillo) (gcc version 7.4.0 (Ubuntu 7.4.0-1ubuntu1~18.04.1)) #1 SMP Thu Nov 28 16:06:01 PST 2019
Command line: earlyprintk=ttyS0 console=ttyS0 lpj=7999923 root=/dev/hda1
CPU: vendor_id 'HygonGenuine' unknown, using generic init.
CPU: Your system may be unstable.
x86/fpu: x87 FPU will use FXSAVE
BIOS-provided physical RAM map:
BIOS-e820: [mem 0x0000000000000000-0x000000000009fbff] usable
BIOS-e820: [mem 0x000000000009fc00-0x00000000000fffff] reserved
BIOS-e820: [mem 0x0000000000100000-0x000000007fffffff] usable
BIOS-e820: [mem 0x00000000ffff0000-0x00000000ffffffff] reserved
bootconsole [earlyser0] enabled
NX (Execute Disable) protection: active
SMBIOS 2.5 present.
DMI:  , BIOS  06/08/2008
tsc: Fast TSC calibration using PIT
tsc: Detected 1200.498 MHz processor
AGP: No AGP bridge found
last_pfn = 0x80000 max_arch_pfn = 0x400000000
Disabled
x86/PAT: MTRRs disabled, skipping PAT initialization too.
CPU MTRRs all blank - virtualized system.
x86/PAT: Configuration [0-7]: WB  WT  UC- UC  WB  WT  UC- UC  
found SMP MP-table at [mem 0x000f0050-0x000f005f]
ACPI: Early table checksum verification disabled
ACPI: RSDP 0x00000000000F01B0 000024 (v02       )
ACPI: XSDT 0x00000000000F01F8 000024 (v01                 00000000      00000000)
ACPI BIOS Error (bug): Invalid table length 0x24 in RSDT/XSDT (20180810/tbutils-291)
Zone ranges:
  DMA      [mem 0x0000000000001000-0x0000000000ffffff]
  DMA32    [mem 0x0000000001000000-0x000000007fffffff]
  Normal   empty
Movable zone start for each node
Early memory node ranges
  node   0: [mem 0x0000000000001000-0x000000000009efff]
  node   0: [mem 0x0000000000100000-0x000000007fffffff]
Reserved but unavailable: 98 pages
Initmem setup node 0 [mem 0x0000000000001000-0x000000007fffffff]
Intel MultiProcessor Specification v1.4
MPTABLE: OEM ID: 
MPTABLE: Product ID: 
MPTABLE: APIC at: 0xFEE00000
Processor #0 (Bootup-CPU)
IOAPIC[0]: apic_id 1, version 20, address 0xfec00000, GSI 0-23
Processors: 1
smpboot: Allowing 1 CPUs, 0 hotplug CPUs
[mem 0x80000000-0xfffeffff] available for PCI devices
Booting paravirtualized kernel on bare hardware
clocksource: refined-jiffies: mask: 0xffffffff max_cycles: 0xffffffff, max_idle_ns: 1910969940391419 ns
